// Jest Snapshot v1, https://goo.gl/fbAQLP

exports[`<App /> when a card is clicked should match its reference snapshot 1`] = `
<div
  className="memory"
>
  <GuessCount
    guesses={0}
  />
  <Card
    card="🍞"
    feedback="justMatched"
    index={0}
    key="0"
    onClick={[Function]}
  />
  <Card
    card="🥐"
    feedback="justMismatched"
    index={1}
    key="1"
    onClick={[Function]}
  />
  <Card
    card="🥖"
    feedback="hidden"
    index={2}
    key="2"
    onClick={[Function]}
  />
  <Card
    card="🥞"
    feedback="hidden"
    index={3}
    key="3"
    onClick={[Function]}
  />
  <Card
    card="🧀"
    feedback="hidden"
    index={4}
    key="4"
    onClick={[Function]}
  />
  <Card
    card="🍖"
    feedback="hidden"
    index={5}
    key="5"
    onClick={[Function]}
  />
  <Card
    card="🍗"
    feedback="hidden"
    index={6}
    key="6"
    onClick={[Function]}
  />
  <Card
    card="🥓"
    feedback="hidden"
    index={7}
    key="7"
    onClick={[Function]}
  />
  <Card
    card="🍔"
    feedback="hidden"
    index={8}
    key="8"
    onClick={[Function]}
  />
  <Card
    card="🍟"
    feedback="hidden"
    index={9}
    key="9"
    onClick={[Function]}
  />
  <Card
    card="🍕"
    feedback="hidden"
    index={10}
    key="10"
    onClick={[Function]}
  />
  <Card
    card="🌭"
    feedback="hidden"
    index={11}
    key="11"
    onClick={[Function]}
  />
  <Card
    card="🌮"
    feedback="hidden"
    index={12}
    key="12"
    onClick={[Function]}
  />
  <Card
    card="🌯"
    feedback="hidden"
    index={13}
    key="13"
    onClick={[Function]}
  />
  <Card
    card="🥙"
    feedback="hidden"
    index={14}
    key="14"
    onClick={[Function]}
  />
  <Card
    card="🥚"
    feedback="hidden"
    index={15}
    key="15"
    onClick={[Function]}
  />
  <Card
    card="🍳"
    feedback="hidden"
    index={16}
    key="16"
    onClick={[Function]}
  />
  <Card
    card="🥘"
    feedback="hidden"
    index={17}
    key="17"
    onClick={[Function]}
  />
  <Card
    card="🍲"
    feedback="hidden"
    index={18}
    key="18"
    onClick={[Function]}
  />
  <Card
    card="🥗"
    feedback="hidden"
    index={19}
    key="19"
    onClick={[Function]}
  />
  <Card
    card="🍿"
    feedback="hidden"
    index={20}
    key="20"
    onClick={[Function]}
  />
  <Card
    card="🍇"
    feedback="hidden"
    index={21}
    key="21"
    onClick={[Function]}
  />
  <Card
    card="🍈"
    feedback="hidden"
    index={22}
    key="22"
    onClick={[Function]}
  />
  <Card
    card="🍉"
    feedback="hidden"
    index={23}
    key="23"
    onClick={[Function]}
  />
  <Card
    card="🍊"
    feedback="hidden"
    index={24}
    key="24"
    onClick={[Function]}
  />
  <Card
    card="🍋"
    feedback="hidden"
    index={25}
    key="25"
    onClick={[Function]}
  />
  <Card
    card="🍌"
    feedback="hidden"
    index={26}
    key="26"
    onClick={[Function]}
  />
  <Card
    card="🍍"
    feedback="hidden"
    index={27}
    key="27"
    onClick={[Function]}
  />
  <Card
    card="🍎"
    feedback="hidden"
    index={28}
    key="28"
    onClick={[Function]}
  />
  <Card
    card="🍏"
    feedback="hidden"
    index={29}
    key="29"
    onClick={[Function]}
  />
  <Card
    card="🍐"
    feedback="hidden"
    index={30}
    key="30"
    onClick={[Function]}
  />
  <Card
    card="🍑"
    feedback="hidden"
    index={31}
    key="31"
    onClick={[Function]}
  />
  <Card
    card="🍞"
    feedback="visible"
    index={32}
    key="32"
    onClick={[Function]}
  />
  <Card
    card="🥐"
    feedback="hidden"
    index={33}
    key="33"
    onClick={[Function]}
  />
  <Card
    card="🥖"
    feedback="hidden"
    index={34}
    key="34"
    onClick={[Function]}
  />
  <Card
    card="🥞"
    feedback="hidden"
    index={35}
    key="35"
    onClick={[Function]}
  />
  <Card
    card="🧀"
    feedback="hidden"
    index={36}
    key="36"
    onClick={[Function]}
  />
  <Card
    card="🍖"
    feedback="hidden"
    index={37}
    key="37"
    onClick={[Function]}
  />
  <Card
    card="🍗"
    feedback="hidden"
    index={38}
    key="38"
    onClick={[Function]}
  />
  <Card
    card="🥓"
    feedback="hidden"
    index={39}
    key="39"
    onClick={[Function]}
  />
  <Card
    card="🍔"
    feedback="hidden"
    index={40}
    key="40"
    onClick={[Function]}
  />
  <Card
    card="🍟"
    feedback="hidden"
    index={41}
    key="41"
    onClick={[Function]}
  />
  <Card
    card="🍕"
    feedback="hidden"
    index={42}
    key="42"
    onClick={[Function]}
  />
  <Card
    card="🌭"
    feedback="hidden"
    index={43}
    key="43"
    onClick={[Function]}
  />
  <Card
    card="🌮"
    feedback="hidden"
    index={44}
    key="44"
    onClick={[Function]}
  />
  <Card
    card="🌯"
    feedback="hidden"
    index={45}
    key="45"
    onClick={[Function]}
  />
  <Card
    card="🥙"
    feedback="hidden"
    index={46}
    key="46"
    onClick={[Function]}
  />
  <Card
    card="🥚"
    feedback="hidden"
    index={47}
    key="47"
    onClick={[Function]}
  />
  <Card
    card="🍳"
    feedback="hidden"
    index={48}
    key="48"
    onClick={[Function]}
  />
  <Card
    card="🥘"
    feedback="hidden"
    index={49}
    key="49"
    onClick={[Function]}
  />
  <Card
    card="🍲"
    feedback="hidden"
    index={50}
    key="50"
    onClick={[Function]}
  />
  <Card
    card="🥗"
    feedback="hidden"
    index={51}
    key="51"
    onClick={[Function]}
  />
  <Card
    card="🍿"
    feedback="hidden"
    index={52}
    key="52"
    onClick={[Function]}
  />
  <Card
    card="🍇"
    feedback="hidden"
    index={53}
    key="53"
    onClick={[Function]}
  />
  <Card
    card="🍈"
    feedback="hidden"
    index={54}
    key="54"
    onClick={[Function]}
  />
  <Card
    card="🍉"
    feedback="hidden"
    index={55}
    key="55"
    onClick={[Function]}
  />
  <Card
    card="🍊"
    feedback="hidden"
    index={56}
    key="56"
    onClick={[Function]}
  />
  <Card
    card="🍋"
    feedback="hidden"
    index={57}
    key="57"
    onClick={[Function]}
  />
  <Card
    card="🍌"
    feedback="hidden"
    index={58}
    key="58"
    onClick={[Function]}
  />
  <Card
    card="🍍"
    feedback="hidden"
    index={59}
    key="59"
    onClick={[Function]}
  />
  <Card
    card="🍎"
    feedback="hidden"
    index={60}
    key="60"
    onClick={[Function]}
  />
  <Card
    card="🍏"
    feedback="hidden"
    index={61}
    key="61"
    onClick={[Function]}
  />
  <Card
    card="🍐"
    feedback="hidden"
    index={62}
    key="62"
    onClick={[Function]}
  />
  <Card
    card="🍑"
    feedback="hidden"
    index={63}
    key="63"
    onClick={[Function]}
  />
</div>
`;
